// Jest Snapshot v1, https://goo.gl/fbAQLP

exports[`<PhotoGallery /> render PhotoGallery 1`] = `
ShallowWrapper {
  "length": 1,
  Symbol(enzyme.__root__): [Circular],
  Symbol(enzyme.__unrendered__): <PhotoGallery />,
  Symbol(enzyme.__renderer__): Object {
    "batchedUpdates": [Function],
    "getNode": [Function],
    "render": [Function],
    "simulateEvent": [Function],
    "unmount": [Function],
  },
  Symbol(enzyme.__node__): Object {
    "instance": null,
    "key": undefined,
    "nodeType": "host",
    "props": Object {
      "children": Array [
        <div
          id="map"
        >
          Map Box
        </div>,
        <div
          id="photo-gallery"
        >
          <div
            id="photo1"
          >
            <img
              alt="Could be portrait or landscape"
              src="https://imagesvc.timeincapp.com/v3/mm/image?url=https%3A%2F%2Fcdn-image.foodandwine.com%2Fsites%2Fdefault%2Ffiles%2Fstyles%2Fmedium_2x%2Fpublic%2F1519844002%2Ffast-food-mobile-apps-chick-fil-a-FT-BLOG0218.jpg%3Fitok%3D7d_gu0JA&w=700&q=85"
            />
          </div>
          <div
            id="photo2"
          >
            <img
              alt="Could be portrait or landscape"
              src="https://imagesvc.timeincapp.com/v3/mm/image?url=https%3A%2F%2Fcdn-image.foodandwine.com%2Fsites%2Fdefault%2Ffiles%2Fstyles%2F4_3_horizontal_inbody_900x506%2Fpublic%2F1502824044%2Froyal-farms-best-gas-station-food-FT-SS0817.jpg%3Fitok%3Dig79fdSU&w=700&q=85"
            />
          </div>
          <div
            id="photo3"
          >
            <span
              className="centered"
            >
              See All Photos
            </span>
            <img
              alt="Could be portrait or landscape"
              src="https://img.huffingtonpost.com/asset/585be1aa1600002400bdf2a6.jpeg?ops=scalefit_970_noupscale"
            />
          </div>
        </div>,
      ],
      "id": "top",
    },
    "ref": null,
    "rendered": Array [
      Object {
        "instance": null,
        "key": undefined,
        "nodeType": "host",
        "props": Object {
          "children": "Map Box",
          "id": "map",
        },
        "ref": null,
        "rendered": "Map Box",
        "type": "div",
      },
      Object {
        "instance": null,
        "key": undefined,
        "nodeType": "host",
        "props": Object {
          "children": Array [
            <div
              id="photo1"
            >
              <img
                alt="Could be portrait or landscape"
                src="https://imagesvc.timeincapp.com/v3/mm/image?url=https%3A%2F%2Fcdn-image.foodandwine.com%2Fsites%2Fdefault%2Ffiles%2Fstyles%2Fmedium_2x%2Fpublic%2F1519844002%2Ffast-food-mobile-apps-chick-fil-a-FT-BLOG0218.jpg%3Fitok%3D7d_gu0JA&w=700&q=85"
              />
            </div>,
            <div
              id="photo2"
            >
              <img
                alt="Could be portrait or landscape"
                src="https://imagesvc.timeincapp.com/v3/mm/image?url=https%3A%2F%2Fcdn-image.foodandwine.com%2Fsites%2Fdefault%2Ffiles%2Fstyles%2F4_3_horizontal_inbody_900x506%2Fpublic%2F1502824044%2Froyal-farms-best-gas-station-food-FT-SS0817.jpg%3Fitok%3Dig79fdSU&w=700&q=85"
              />
            </div>,
            <div
              id="photo3"
            >
              <span
                className="centered"
              >
                See All Photos
              </span>
              <img
                alt="Could be portrait or landscape"
                src="https://img.huffingtonpost.com/asset/585be1aa1600002400bdf2a6.jpeg?ops=scalefit_970_noupscale"
              />
            </div>,
          ],
          "id": "photo-gallery",
        },
        "ref": null,
        "rendered": Array [
          Object {
            "instance": null,
            "key": undefined,
            "nodeType": "host",
            "props": Object {
              "children": <img
                alt="Could be portrait or landscape"
                src="https://imagesvc.timeincapp.com/v3/mm/image?url=https%3A%2F%2Fcdn-image.foodandwine.com%2Fsites%2Fdefault%2Ffiles%2Fstyles%2Fmedium_2x%2Fpublic%2F1519844002%2Ffast-food-mobile-apps-chick-fil-a-FT-BLOG0218.jpg%3Fitok%3D7d_gu0JA&w=700&q=85"
              />,
              "id": "photo1",
            },
            "ref": null,
            "rendered": Object {
              "instance": null,
              "key": undefined,
              "nodeType": "host",
              "props": Object {
                "alt": "Could be portrait or landscape",
                "src": "https://imagesvc.timeincapp.com/v3/mm/image?url=https%3A%2F%2Fcdn-image.foodandwine.com%2Fsites%2Fdefault%2Ffiles%2Fstyles%2Fmedium_2x%2Fpublic%2F1519844002%2Ffast-food-mobile-apps-chick-fil-a-FT-BLOG0218.jpg%3Fitok%3D7d_gu0JA&w=700&q=85",
              },
              "ref": null,
              "rendered": null,
              "type": "img",
            },
            "type": "div",
          },
          Object {
            "instance": null,
            "key": undefined,
            "nodeType": "host",
            "props": Object {
              "children": <img
                alt="Could be portrait or landscape"
                src="https://imagesvc.timeincapp.com/v3/mm/image?url=https%3A%2F%2Fcdn-image.foodandwine.com%2Fsites%2Fdefault%2Ffiles%2Fstyles%2F4_3_horizontal_inbody_900x506%2Fpublic%2F1502824044%2Froyal-farms-best-gas-station-food-FT-SS0817.jpg%3Fitok%3Dig79fdSU&w=700&q=85"
              />,
              "id": "photo2",
            },
            "ref": null,
            "rendered": Object {
              "instance": null,
              "key": undefined,
              "nodeType": "host",
              "props": Object {
                "alt": "Could be portrait or landscape",
                "src": "https://imagesvc.timeincapp.com/v3/mm/image?url=https%3A%2F%2Fcdn-image.foodandwine.com%2Fsites%2Fdefault%2Ffiles%2Fstyles%2F4_3_horizontal_inbody_900x506%2Fpublic%2F1502824044%2Froyal-farms-best-gas-station-food-FT-SS0817.jpg%3Fitok%3Dig79fdSU&w=700&q=85",
              },
              "ref": null,
              "rendered": null,
              "type": "img",
            },
            "type": "div",
          },
          Object {
            "instance": null,
            "key": undefined,
            "nodeType": "host",
            "props": Object {
              "children": Array [
                <span
                  className="centered"
                >
                  See All Photos
                </span>,
                <img
                  alt="Could be portrait or landscape"
                  src="https://img.huffingtonpost.com/asset/585be1aa1600002400bdf2a6.jpeg?ops=scalefit_970_noupscale"
                />,
              ],
              "id": "photo3",
            },
            "ref": null,
            "rendered": Array [
              Object {
                "instance": null,
                "key": undefined,
                "nodeType": "host",
                "props": Object {
                  "children": "See All Photos",
                  "className": "centered",
                },
                "ref": null,
                "rendered": "See All Photos",
                "type": "span",
              },
              Object {
                "instance": null,
                "key": undefined,
                "nodeType": "host",
                "props": Object {
                  "alt": "Could be portrait or landscape",
                  "src": "https://img.huffingtonpost.com/asset/585be1aa1600002400bdf2a6.jpeg?ops=scalefit_970_noupscale",
                },
                "ref": null,
                "rendered": null,
                "type": "img",
              },
            ],
            "type": "div",
          },
        ],
        "type": "div",
      },
    ],
    "type": "div",
  },
  Symbol(enzyme.__nodes__): Array [
    Object {
      "instance": null,
      "key": undefined,
      "nodeType": "host",
      "props": Object {
        "children": Array [
          <div
            id="map"
          >
            Map Box
          </div>,
          <div
            id="photo-gallery"
          >
            <div
              id="photo1"
            >
              <img
                alt="Could be portrait or landscape"
                src="https://imagesvc.timeincapp.com/v3/mm/image?url=https%3A%2F%2Fcdn-image.foodandwine.com%2Fsites%2Fdefault%2Ffiles%2Fstyles%2Fmedium_2x%2Fpublic%2F1519844002%2Ffast-food-mobile-apps-chick-fil-a-FT-BLOG0218.jpg%3Fitok%3D7d_gu0JA&w=700&q=85"
              />
            </div>
            <div
              id="photo2"
            >
              <img
                alt="Could be portrait or landscape"
                src="https://imagesvc.timeincapp.com/v3/mm/image?url=https%3A%2F%2Fcdn-image.foodandwine.com%2Fsites%2Fdefault%2Ffiles%2Fstyles%2F4_3_horizontal_inbody_900x506%2Fpublic%2F1502824044%2Froyal-farms-best-gas-station-food-FT-SS0817.jpg%3Fitok%3Dig79fdSU&w=700&q=85"
              />
            </div>
            <div
              id="photo3"
            >
              <span
                className="centered"
              >
                See All Photos
              </span>
              <img
                alt="Could be portrait or landscape"
                src="https://img.huffingtonpost.com/asset/585be1aa1600002400bdf2a6.jpeg?ops=scalefit_970_noupscale"
              />
            </div>
          </div>,
        ],
        "id": "top",
      },
      "ref": null,
      "rendered": Array [
        Object {
          "instance": null,
          "key": undefined,
          "nodeType": "host",
          "props": Object {
            "children": "Map Box",
            "id": "map",
          },
          "ref": null,
          "rendered": "Map Box",
          "type": "div",
        },
        Object {
          "instance": null,
          "key": undefined,
          "nodeType": "host",
          "props": Object {
            "children": Array [
              <div
                id="photo1"
              >
                <img
                  alt="Could be portrait or landscape"
                  src="https://imagesvc.timeincapp.com/v3/mm/image?url=https%3A%2F%2Fcdn-image.foodandwine.com%2Fsites%2Fdefault%2Ffiles%2Fstyles%2Fmedium_2x%2Fpublic%2F1519844002%2Ffast-food-mobile-apps-chick-fil-a-FT-BLOG0218.jpg%3Fitok%3D7d_gu0JA&w=700&q=85"
                />
              </div>,
              <div
                id="photo2"
              >
                <img
                  alt="Could be portrait or landscape"
                  src="https://imagesvc.timeincapp.com/v3/mm/image?url=https%3A%2F%2Fcdn-image.foodandwine.com%2Fsites%2Fdefault%2Ffiles%2Fstyles%2F4_3_horizontal_inbody_900x506%2Fpublic%2F1502824044%2Froyal-farms-best-gas-station-food-FT-SS0817.jpg%3Fitok%3Dig79fdSU&w=700&q=85"
                />
              </div>,
              <div
                id="photo3"
              >
                <span
                  className="centered"
                >
                  See All Photos
                </span>
                <img
                  alt="Could be portrait or landscape"
                  src="https://img.huffingtonpost.com/asset/585be1aa1600002400bdf2a6.jpeg?ops=scalefit_970_noupscale"
                />
              </div>,
            ],
            "id": "photo-gallery",
          },
          "ref": null,
          "rendered": Array [
            Object {
              "instance": null,
              "key": undefined,
              "nodeType": "host",
              "props": Object {
                "children": <img
                  alt="Could be portrait or landscape"
                  src="https://imagesvc.timeincapp.com/v3/mm/image?url=https%3A%2F%2Fcdn-image.foodandwine.com%2Fsites%2Fdefault%2Ffiles%2Fstyles%2Fmedium_2x%2Fpublic%2F1519844002%2Ffast-food-mobile-apps-chick-fil-a-FT-BLOG0218.jpg%3Fitok%3D7d_gu0JA&w=700&q=85"
                />,
                "id": "photo1",
              },
              "ref": null,
              "rendered": Object {
                "instance": null,
                "key": undefined,
                "nodeType": "host",
                "props": Object {
                  "alt": "Could be portrait or landscape",
                  "src": "https://imagesvc.timeincapp.com/v3/mm/image?url=https%3A%2F%2Fcdn-image.foodandwine.com%2Fsites%2Fdefault%2Ffiles%2Fstyles%2Fmedium_2x%2Fpublic%2F1519844002%2Ffast-food-mobile-apps-chick-fil-a-FT-BLOG0218.jpg%3Fitok%3D7d_gu0JA&w=700&q=85",
                },
                "ref": null,
                "rendered": null,
                "type": "img",
              },
              "type": "div",
            },
            Object {
              "instance": null,
              "key": undefined,
              "nodeType": "host",
              "props": Object {
                "children": <img
                  alt="Could be portrait or landscape"
                  src="https://imagesvc.timeincapp.com/v3/mm/image?url=https%3A%2F%2Fcdn-image.foodandwine.com%2Fsites%2Fdefault%2Ffiles%2Fstyles%2F4_3_horizontal_inbody_900x506%2Fpublic%2F1502824044%2Froyal-farms-best-gas-station-food-FT-SS0817.jpg%3Fitok%3Dig79fdSU&w=700&q=85"
                />,
                "id": "photo2",
              },
              "ref": null,
              "rendered": Object {
                "instance": null,
                "key": undefined,
                "nodeType": "host",
                "props": Object {
                  "alt": "Could be portrait or landscape",
                  "src": "https://imagesvc.timeincapp.com/v3/mm/image?url=https%3A%2F%2Fcdn-image.foodandwine.com%2Fsites%2Fdefault%2Ffiles%2Fstyles%2F4_3_horizontal_inbody_900x506%2Fpublic%2F1502824044%2Froyal-farms-best-gas-station-food-FT-SS0817.jpg%3Fitok%3Dig79fdSU&w=700&q=85",
                },
                "ref": null,
                "rendered": null,
                "type": "img",
              },
              "type": "div",
            },
            Object {
              "instance": null,
              "key": undefined,
              "nodeType": "host",
              "props": Object {
                "children": Array [
                  <span
                    className="centered"
                  >
                    See All Photos
                  </span>,
                  <img
                    alt="Could be portrait or landscape"
                    src="https://img.huffingtonpost.com/asset/585be1aa1600002400bdf2a6.jpeg?ops=scalefit_970_noupscale"
                  />,
                ],
                "id": "photo3",
              },
              "ref": null,
              "rendered": Array [
                Object {
                  "instance": null,
                  "key": undefined,
                  "nodeType": "host",
                  "props": Object {
                    "children": "See All Photos",
                    "className": "centered",
                  },
                  "ref": null,
                  "rendered": "See All Photos",
                  "type": "span",
                },
                Object {
                  "instance": null,
                  "key": undefined,
                  "nodeType": "host",
                  "props": Object {
                    "alt": "Could be portrait or landscape",
                    "src": "https://img.huffingtonpost.com/asset/585be1aa1600002400bdf2a6.jpeg?ops=scalefit_970_noupscale",
                  },
                  "ref": null,
                  "rendered": null,
                  "type": "img",
                },
              ],
              "type": "div",
            },
          ],
          "type": "div",
        },
      ],
      "type": "div",
    },
  ],
  Symbol(enzyme.__options__): Object {
    "adapter": ReactSixteenAdapter {
      "options": Object {
        "enableComponentDidUpdateOnSetState": true,
      },
    },
  },
}
`;
